components/AppointmentDetailsModal.tsx(66,9): error TS17004: Cannot use JSX unless the '--jsx' flag is provided.
components/AppointmentDetailsModal.tsx(67,13): error TS17004: Cannot use JSX unless the '--jsx' flag is provided.
components/AppointmentDetailsModal.tsx(72,13): error TS17004: Cannot use JSX unless the '--jsx' flag is provided.
components/AppointmentDetailsModal.tsx(75,17): error TS17004: Cannot use JSX unless the '--jsx' flag is provided.
components/AppointmentDetailsModal.tsx(76,21): error TS17004: Cannot use JSX unless the '--jsx' flag is provided.
components/AppointmentDetailsModal.tsx(77,25): error TS17004: Cannot use JSX unless the '--jsx' flag is provided.
components/AppointmentDetailsModal.tsx(79,29): error TS17004: Cannot use JSX unless the '--jsx' flag is provided.
components/AppointmentDetailsModal.tsx(86,25): error TS17004: Cannot use JSX unless the '--jsx' flag is provided.
components/AppointmentDetailsModal.tsx(88,21): error TS17004: Cannot use JSX unless the '--jsx' flag is provided.
components/AppointmentDetailsModal.tsx(92,25): error TS17004: Cannot use JSX unless the '--jsx' flag is provided.
components/AppointmentDetailsModal.tsx(97,17): error TS17004: Cannot use JSX unless the '--jsx' flag is provided.
components/AppointmentDetailsModal.tsx(98,21): error TS17004: Cannot use JSX unless the '--jsx' flag is provided.
components/AppointmentDetailsModal.tsx(101,25): error TS17004: Cannot use JSX unless the '--jsx' flag is provided.
components/AppointmentDetailsModal.tsx(103,29): error TS17004: Cannot use JSX unless the '--jsx' flag is provided.
components/AppointmentDetailsModal.tsx(104,33): error TS17004: Cannot use JSX unless the '--jsx' flag is provided.
components/AppointmentDetailsModal.tsx(105,33): error TS17004: Cannot use JSX unless the '--jsx' flag is provided.
components/AppointmentDetailsModal.tsx(106,37): error TS17004: Cannot use JSX unless the '--jsx' flag is provided.
components/AppointmentDetailsModal.tsx(107,37): error TS17004: Cannot use JSX unless the '--jsx' flag is provided.
components/AppointmentDetailsModal.tsx(108,37): error TS17004: Cannot use JSX unless the '--jsx' flag is provided.
components/AppointmentDetailsModal.tsx(109,41): error TS17004: Cannot use JSX unless the '--jsx' flag is provided.
components/AppointmentDetailsModal.tsx(110,45): error TS17004: Cannot use JSX unless the '--jsx' flag is provided.
components/AppointmentDetailsModal.tsx(111,45): error TS17004: Cannot use JSX unless the '--jsx' flag is provided.
components/AppointmentDetailsModal.tsx(113,41): error TS17004: Cannot use JSX unless the '--jsx' flag is provided.
components/AppointmentDetailsModal.tsx(114,45): error TS17004: Cannot use JSX unless the '--jsx' flag is provided.
components/AppointmentDetailsModal.tsx(115,45): error TS17004: Cannot use JSX unless the '--jsx' flag is provided.
components/AppointmentDetailsModal.tsx(122,29): error TS17004: Cannot use JSX unless the '--jsx' flag is provided.
components/AppointmentDetailsModal.tsx(123,33): error TS17004: Cannot use JSX unless the '--jsx' flag is provided.
components/AppointmentDetailsModal.tsx(124,37): error TS17004: Cannot use JSX unless the '--jsx' flag is provided.
components/AppointmentDetailsModal.tsx(125,37): error TS17004: Cannot use JSX unless the '--jsx' flag is provided.
components/AppointmentDetailsModal.tsx(126,41): error TS17004: Cannot use JSX unless the '--jsx' flag is provided.
components/AppointmentDetailsModal.tsx(127,45): error TS17004: Cannot use JSX unless the '--jsx' flag is provided.
components/AppointmentDetailsModal.tsx(128,45): error TS17004: Cannot use JSX unless the '--jsx' flag is provided.
components/AppointmentDetailsModal.tsx(129,45): error TS17004: Cannot use JSX unless the '--jsx' flag is provided.
components/AppointmentDetailsModal.tsx(130,49): error TS17004: Cannot use JSX unless the '--jsx' flag is provided.
components/AppointmentDetailsModal.tsx(131,49): error TS17004: Cannot use JSX unless the '--jsx' flag is provided.
components/AppointmentDetailsModal.tsx(135,41): error TS17004: Cannot use JSX unless the '--jsx' flag is provided.
components/AppointmentDetailsModal.tsx(136,45): error TS17004: Cannot use JSX unless the '--jsx' flag is provided.
components/AppointmentDetailsModal.tsx(144,25): error TS17004: Cannot use JSX unless the '--jsx' flag is provided.
components/AppointmentDetailsModal.tsx(145,29): error TS17004: Cannot use JSX unless the '--jsx' flag is provided.
components/AppointmentDetailsModal.tsx(147,29): error TS17004: Cannot use JSX unless the '--jsx' flag is provided.
components/AppointmentDetailsModal.tsx(149,33): error TS17004: Cannot use JSX unless the '--jsx' flag is provided.
components/AppointmentDetailsModal.tsx(151,37): error TS17004: Cannot use JSX unless the '--jsx' flag is provided.
components/AppointmentDetailsModal.tsx(152,41): error TS17004: Cannot use JSX unless the '--jsx' flag is provided.
components/AppointmentDetailsModal.tsx(153,41): error TS17004: Cannot use JSX unless the '--jsx' flag is provided.
components/AppointmentDetailsModal.tsx(154,41): error TS17004: Cannot use JSX unless the '--jsx' flag is provided.
components/AppointmentDetailsModal.tsx(158,37): error TS17004: Cannot use JSX unless the '--jsx' flag is provided.
components/AppointmentDetailsModal.tsx(159,41): error TS17004: Cannot use JSX unless the '--jsx' flag is provided.
components/AppointmentDetailsModal.tsx(160,41): error TS17004: Cannot use JSX unless the '--jsx' flag is provided.
components/AppointmentDetailsModal.tsx(162,37): error TS17004: Cannot use JSX unless the '--jsx' flag is provided.
components/AppointmentDetailsModal.tsx(163,41): error TS17004: Cannot use JSX unless the '--jsx' flag is provided.
components/AppointmentDetailsModal.tsx(164,41): error TS17004: Cannot use JSX unless the '--jsx' flag is provided.
components/AppointmentDetailsModal.tsx(166,37): error TS17004: Cannot use JSX unless the '--jsx' flag is provided.
components/AppointmentDetailsModal.tsx(167,41): error TS17004: Cannot use JSX unless the '--jsx' flag is provided.
components/AppointmentDetailsModal.tsx(168,41): error TS17004: Cannot use JSX unless the '--jsx' flag is provided.
components/AppointmentDetailsModal.tsx(172,37): error TS17004: Cannot use JSX unless the '--jsx' flag is provided.
components/AppointmentDetailsModal.tsx(173,41): error TS17004: Cannot use JSX unless the '--jsx' flag is provided.
components/AppointmentDetailsModal.tsx(174,41): error TS17004: Cannot use JSX unless the '--jsx' flag is provided.
components/AppointmentDetailsModal.tsx(176,37): error TS17004: Cannot use JSX unless the '--jsx' flag is provided.
components/AppointmentDetailsModal.tsx(177,41): error TS17004: Cannot use JSX unless the '--jsx' flag is provided.
components/AppointmentDetailsModal.tsx(178,41): error TS17004: Cannot use JSX unless the '--jsx' flag is provided.
components/AppointmentDetailsModal.tsx(180,37): error TS17004: Cannot use JSX unless the '--jsx' flag is provided.
components/AppointmentDetailsModal.tsx(181,41): error TS17004: Cannot use JSX unless the '--jsx' flag is provided.
components/AppointmentDetailsModal.tsx(182,41): error TS17004: Cannot use JSX unless the '--jsx' flag is provided.
components/AppointmentDetailsModal.tsx(186,37): error TS17004: Cannot use JSX unless the '--jsx' flag is provided.
components/AppointmentDetailsModal.tsx(187,41): error TS17004: Cannot use JSX unless the '--jsx' flag is provided.
components/AppointmentDetailsModal.tsx(188,41): error TS17004: Cannot use JSX unless the '--jsx' flag is provided.
components/AppointmentDetailsModal.tsx(195,33): error TS17004: Cannot use JSX unless the '--jsx' flag is provided.
components/AppointmentDetailsModal.tsx(196,37): error TS17004: Cannot use JSX unless the '--jsx' flag is provided.
components/AppointmentDetailsModal.tsx(197,41): error TS17004: Cannot use JSX unless the '--jsx' flag is provided.
components/AppointmentDetailsModal.tsx(208,25): error TS17004: Cannot use JSX unless the '--jsx' flag is provided.
components/AppointmentDetailsModal.tsx(209,29): error TS17004: Cannot use JSX unless the '--jsx' flag is provided.
components/AppointmentDetailsModal.tsx(210,29): error TS17004: Cannot use JSX unless the '--jsx' flag is provided.
components/AppointmentDetailsModal.tsx(211,33): error TS17004: Cannot use JSX unless the '--jsx' flag is provided.
components/AppointmentDetailsModal.tsx(212,37): error TS17004: Cannot use JSX unless the '--jsx' flag is provided.
components/AppointmentDetailsModal.tsx(213,37): error TS17004: Cannot use JSX unless the '--jsx' flag is provided.
components/AppointmentDetailsModal.tsx(217,33): error TS17004: Cannot use JSX unless the '--jsx' flag is provided.
components/AppointmentDetailsModal.tsx(218,37): error TS17004: Cannot use JSX unless the '--jsx' flag is provided.
components/AppointmentDetailsModal.tsx(219,37): error TS17004: Cannot use JSX unless the '--jsx' flag is provided.
components/AppointmentDetailsModal.tsx(230,17): error TS17004: Cannot use JSX unless the '--jsx' flag is provided.
components/AppointmentDetailsModal.tsx(231,21): error TS17004: Cannot use JSX unless the '--jsx' flag is provided.
components/AppointmentDetailsModal.tsx(238,21): error TS17004: Cannot use JSX unless the '--jsx' flag is provided.
