components/AppointmentDetailsModal.tsx(66,9): error TS17004: Cannot use JSX unless the '--jsx' flag is provided.
components/AppointmentDetailsModal.tsx(67,13): error TS17004: Cannot use JSX unless the '--jsx' flag is provided.
components/AppointmentDetailsModal.tsx(72,13): error TS17004: Cannot use JSX unless the '--jsx' flag is provided.
components/AppointmentDetailsModal.tsx(75,17): error TS17004: Cannot use JSX unless the '--jsx' flag is provided.
components/AppointmentDetailsModal.tsx(76,21): error TS17004: Cannot use JSX unless the '--jsx' flag is provided.
components/AppointmentDetailsModal.tsx(77,25): error TS17004: Cannot use JSX unless the '--jsx' flag is provided.
components/AppointmentDetailsModal.tsx(79,29): error TS17004: Cannot use JSX unless the '--jsx' flag is provided.
components/AppointmentDetailsModal.tsx(86,25): error TS17004: Cannot use JSX unless the '--jsx' flag is provided.
components/AppointmentDetailsModal.tsx(88,21): error TS17004: Cannot use JSX unless the '--jsx' flag is provided.
components/AppointmentDetailsModal.tsx(92,25): error TS17004: Cannot use JSX unless the '--jsx' flag is provided.
components/AppointmentDetailsModal.tsx(97,17): error TS17004: Cannot use JSX unless the '--jsx' flag is provided.
components/AppointmentDetailsModal.tsx(98,21): error TS17004: Cannot use JSX unless the '--jsx' flag is provided.
components/AppointmentDetailsModal.tsx(99,25): error TS17004: Cannot use JSX unless the '--jsx' flag is provided.
components/AppointmentDetailsModal.tsx(102,29): error TS17004: Cannot use JSX unless the '--jsx' flag is provided.
components/AppointmentDetailsModal.tsx(103,33): error TS17004: Cannot use JSX unless the '--jsx' flag is provided.
components/AppointmentDetailsModal.tsx(105,33): error TS17004: Cannot use JSX unless the '--jsx' flag is provided.
components/AppointmentDetailsModal.tsx(106,37): error TS17004: Cannot use JSX unless the '--jsx' flag is provided.
components/AppointmentDetailsModal.tsx(107,41): error TS17004: Cannot use JSX unless the '--jsx' flag is provided.
components/AppointmentDetailsModal.tsx(108,41): error TS17004: Cannot use JSX unless the '--jsx' flag is provided.
components/AppointmentDetailsModal.tsx(112,33): error TS17004: Cannot use JSX unless the '--jsx' flag is provided.
components/AppointmentDetailsModal.tsx(113,37): error TS17004: Cannot use JSX unless the '--jsx' flag is provided.
components/AppointmentDetailsModal.tsx(114,41): error TS17004: Cannot use JSX unless the '--jsx' flag is provided.
components/AppointmentDetailsModal.tsx(115,45): error TS17004: Cannot use JSX unless the '--jsx' flag is provided.
components/AppointmentDetailsModal.tsx(116,45): error TS17004: Cannot use JSX unless the '--jsx' flag is provided.
components/AppointmentDetailsModal.tsx(118,41): error TS17004: Cannot use JSX unless the '--jsx' flag is provided.
components/AppointmentDetailsModal.tsx(119,45): error TS17004: Cannot use JSX unless the '--jsx' flag is provided.
components/AppointmentDetailsModal.tsx(120,45): error TS17004: Cannot use JSX unless the '--jsx' flag is provided.
components/AppointmentDetailsModal.tsx(127,29): error TS17004: Cannot use JSX unless the '--jsx' flag is provided.
components/AppointmentDetailsModal.tsx(128,33): error TS17004: Cannot use JSX unless the '--jsx' flag is provided.
components/AppointmentDetailsModal.tsx(130,33): error TS17004: Cannot use JSX unless the '--jsx' flag is provided.
components/AppointmentDetailsModal.tsx(131,37): error TS17004: Cannot use JSX unless the '--jsx' flag is provided.
components/AppointmentDetailsModal.tsx(132,41): error TS17004: Cannot use JSX unless the '--jsx' flag is provided.
components/AppointmentDetailsModal.tsx(133,45): error TS17004: Cannot use JSX unless the '--jsx' flag is provided.
components/AppointmentDetailsModal.tsx(134,45): error TS17004: Cannot use JSX unless the '--jsx' flag is provided.
components/AppointmentDetailsModal.tsx(136,41): error TS17004: Cannot use JSX unless the '--jsx' flag is provided.
components/AppointmentDetailsModal.tsx(137,45): error TS17004: Cannot use JSX unless the '--jsx' flag is provided.
components/AppointmentDetailsModal.tsx(138,45): error TS17004: Cannot use JSX unless the '--jsx' flag is provided.
components/AppointmentDetailsModal.tsx(140,41): error TS17004: Cannot use JSX unless the '--jsx' flag is provided.
components/AppointmentDetailsModal.tsx(141,45): error TS17004: Cannot use JSX unless the '--jsx' flag is provided.
components/AppointmentDetailsModal.tsx(142,45): error TS17004: Cannot use JSX unless the '--jsx' flag is provided.
components/AppointmentDetailsModal.tsx(143,49): error TS17004: Cannot use JSX unless the '--jsx' flag is provided.
components/AppointmentDetailsModal.tsx(147,37): error TS17004: Cannot use JSX unless the '--jsx' flag is provided.
components/AppointmentDetailsModal.tsx(148,41): error TS17004: Cannot use JSX unless the '--jsx' flag is provided.
components/AppointmentDetailsModal.tsx(154,29): error TS17004: Cannot use JSX unless the '--jsx' flag is provided.
components/AppointmentDetailsModal.tsx(155,33): error TS17004: Cannot use JSX unless the '--jsx' flag is provided.
components/AppointmentDetailsModal.tsx(157,33): error TS17004: Cannot use JSX unless the '--jsx' flag is provided.
components/AppointmentDetailsModal.tsx(158,37): error TS17004: Cannot use JSX unless the '--jsx' flag is provided.
components/AppointmentDetailsModal.tsx(159,41): error TS17004: Cannot use JSX unless the '--jsx' flag is provided.
components/AppointmentDetailsModal.tsx(160,45): error TS17004: Cannot use JSX unless the '--jsx' flag is provided.
components/AppointmentDetailsModal.tsx(161,45): error TS17004: Cannot use JSX unless the '--jsx' flag is provided.
components/AppointmentDetailsModal.tsx(162,45): error TS17004: Cannot use JSX unless the '--jsx' flag is provided.
components/AppointmentDetailsModal.tsx(164,41): error TS17004: Cannot use JSX unless the '--jsx' flag is provided.
components/AppointmentDetailsModal.tsx(165,45): error TS17004: Cannot use JSX unless the '--jsx' flag is provided.
components/AppointmentDetailsModal.tsx(166,45): error TS17004: Cannot use JSX unless the '--jsx' flag is provided.
components/AppointmentDetailsModal.tsx(168,49): error TS17004: Cannot use JSX unless the '--jsx' flag is provided.
components/AppointmentDetailsModal.tsx(171,41): error TS17004: Cannot use JSX unless the '--jsx' flag is provided.
components/AppointmentDetailsModal.tsx(172,45): error TS17004: Cannot use JSX unless the '--jsx' flag is provided.
components/AppointmentDetailsModal.tsx(173,45): error TS17004: Cannot use JSX unless the '--jsx' flag is provided.
components/AppointmentDetailsModal.tsx(176,41): error TS17004: Cannot use JSX unless the '--jsx' flag is provided.
components/AppointmentDetailsModal.tsx(177,45): error TS17004: Cannot use JSX unless the '--jsx' flag is provided.
components/AppointmentDetailsModal.tsx(178,45): error TS17004: Cannot use JSX unless the '--jsx' flag is provided.
components/AppointmentDetailsModal.tsx(180,41): error TS17004: Cannot use JSX unless the '--jsx' flag is provided.
components/AppointmentDetailsModal.tsx(181,45): error TS17004: Cannot use JSX unless the '--jsx' flag is provided.
components/AppointmentDetailsModal.tsx(182,45): error TS17004: Cannot use JSX unless the '--jsx' flag is provided.
components/AppointmentDetailsModal.tsx(184,41): error TS17004: Cannot use JSX unless the '--jsx' flag is provided.
components/AppointmentDetailsModal.tsx(185,45): error TS17004: Cannot use JSX unless the '--jsx' flag is provided.
components/AppointmentDetailsModal.tsx(186,45): error TS17004: Cannot use JSX unless the '--jsx' flag is provided.
components/AppointmentDetailsModal.tsx(188,41): error TS17004: Cannot use JSX unless the '--jsx' flag is provided.
components/AppointmentDetailsModal.tsx(189,45): error TS17004: Cannot use JSX unless the '--jsx' flag is provided.
components/AppointmentDetailsModal.tsx(190,45): error TS17004: Cannot use JSX unless the '--jsx' flag is provided.
components/AppointmentDetailsModal.tsx(193,41): error TS17004: Cannot use JSX unless the '--jsx' flag is provided.
components/AppointmentDetailsModal.tsx(194,45): error TS17004: Cannot use JSX unless the '--jsx' flag is provided.
components/AppointmentDetailsModal.tsx(195,45): error TS17004: Cannot use JSX unless the '--jsx' flag is provided.
components/AppointmentDetailsModal.tsx(201,37): error TS17004: Cannot use JSX unless the '--jsx' flag is provided.
components/AppointmentDetailsModal.tsx(202,41): error TS17004: Cannot use JSX unless the '--jsx' flag is provided.
components/AppointmentDetailsModal.tsx(208,29): error TS17004: Cannot use JSX unless the '--jsx' flag is provided.
components/AppointmentDetailsModal.tsx(209,33): error TS17004: Cannot use JSX unless the '--jsx' flag is provided.
components/AppointmentDetailsModal.tsx(211,33): error TS17004: Cannot use JSX unless the '--jsx' flag is provided.
components/AppointmentDetailsModal.tsx(212,37): error TS17004: Cannot use JSX unless the '--jsx' flag is provided.
components/AppointmentDetailsModal.tsx(213,41): error TS17004: Cannot use JSX unless the '--jsx' flag is provided.
components/AppointmentDetailsModal.tsx(214,41): error TS17004: Cannot use JSX unless the '--jsx' flag is provided.
components/AppointmentDetailsModal.tsx(218,37): error TS17004: Cannot use JSX unless the '--jsx' flag is provided.
components/AppointmentDetailsModal.tsx(219,41): error TS17004: Cannot use JSX unless the '--jsx' flag is provided.
components/AppointmentDetailsModal.tsx(219,44): error TS17004: Cannot use JSX unless the '--jsx' flag is provided.
components/AppointmentDetailsModal.tsx(229,17): error TS17004: Cannot use JSX unless the '--jsx' flag is provided.
components/AppointmentDetailsModal.tsx(230,21): error TS17004: Cannot use JSX unless the '--jsx' flag is provided.
components/AppointmentDetailsModal.tsx(237,21): error TS17004: Cannot use JSX unless the '--jsx' flag is provided.
